I'm sorry, but errors were detected in your script. Please correct the
errors listed below, and try again.


File "game/script.rpy", line 18: end of line expected.
    scene bg letistenara at zoom 0.5
                                 ^

Ren'Py Version: Ren'Py 8.2.3.24061702
Sat Jun 22 23:36:56 2024
